------------------------------------------------------------
Timing Analyzer Summary
------------------------------------------------------------

Type  : Slow 1200mV 85C Model Setup 'CLK_1HZ'
Slack : -128.178
TNS   : -4085.058

Type  : Slow 1200mV 85C Model Setup 'CLK'
Slack : -4.193
TNS   : -67.172

Type  : Slow 1200mV 85C Model Hold 'CLK'
Slack : 0.646
TNS   : 0.000

Type  : Slow 1200mV 85C Model Hold 'CLK_1HZ'
Slack : 2.163
TNS   : 0.000

Type  : Slow 1200mV 85C Model Minimum Pulse Width 'CLK'
Slack : -3.000
TNS   : -49.299

Type  : Slow 1200mV 85C Model Minimum Pulse Width 'CLK_1HZ'
Slack : -1.403
TNS   : -44.896

Type  : Slow 1200mV 0C Model Setup 'CLK_1HZ'
Slack : -116.350
TNS   : -3708.046

Type  : Slow 1200mV 0C Model Setup 'CLK'
Slack : -3.837
TNS   : -57.833

Type  : Slow 1200mV 0C Model Hold 'CLK'
Slack : 0.598
TNS   : 0.000

Type  : Slow 1200mV 0C Model Hold 'CLK_1HZ'
Slack : 2.006
TNS   : 0.000

Type  : Slow 1200mV 0C Model Minimum Pulse Width 'CLK'
Slack : -3.000
TNS   : -49.299

Type  : Slow 1200mV 0C Model Minimum Pulse Width 'CLK_1HZ'
Slack : -1.403
TNS   : -44.896

Type  : Fast 1200mV 0C Model Setup 'CLK_1HZ'
Slack : -53.419
TNS   : -1701.865

Type  : Fast 1200mV 0C Model Setup 'CLK'
Slack : -1.276
TNS   : -8.782

Type  : Fast 1200mV 0C Model Hold 'CLK'
Slack : 0.251
TNS   : 0.000

Type  : Fast 1200mV 0C Model Hold 'CLK_1HZ'
Slack : 0.855
TNS   : 0.000

Type  : Fast 1200mV 0C Model Minimum Pulse Width 'CLK'
Slack : -3.000
TNS   : -36.957

Type  : Fast 1200mV 0C Model Minimum Pulse Width 'CLK_1HZ'
Slack : -1.000
TNS   : -32.000

------------------------------------------------------------
